// Jest Snapshot v1, https://goo.gl/fbAQLP

exports[`Title markup match snapshoot 1`] = `ShallowWrapper {}`;

exports[`Title markup match snapshoot 2`] = `ShallowWrapper {}`;

exports[`Title markup match snapshoot 3`] = `ShallowWrapper {}`;

exports[`Title markup match snapshoot 4`] = `ShallowWrapper {}`;
